ANTLR Tool version 4.8 used for code generation does not match the current runtime version 4.9.2
ANTLR Tool version 4.8 used for code generation does not match the current runtime version 4.9.2
"01-define-class.cl", line 7:7, Syntax error: mismatched input 'SELF_TYPE' expecting TYPE_ID
"01-define-class.cl", line 9:18, Syntax error: mismatched input 'SELF_TYPE' expecting TYPE_ID
Compilation halted
