"02-define-attribute.cl", line 6:5, Syntax error: mismatched input 'self' expecting {'}', ID}
Compilation halted
