"03-define-method.cl", line 14:5, Syntax error: extraneous input 'self' expecting {'}', ID}
Compilation halted
