"04-define-let.cl", line 6:13, Syntax error: mismatched input 'self' expecting ID
Compilation halted
