"09-type-assignment.cl", line 20:14, Syntax error: mismatched input '<-' expecting {'@', '}', '.', '+', '-', '*', '/', '=', '<', '<='}
Compilation halted
