"15-type-let.cl", line 4:29, Semantic error: Type Bool of initialization expression of identifier y is incompatible with declared type Int
Exception in thread "main" java.lang.NullPointerException: Cannot read field "token" because "astFormalInit.expr" is null
	at cool.compiler.ResolutionPassVisitor.visit(ResolutionPassVisitor.java:227)
	at cool.compiler.ResolutionPassVisitor.visit(ResolutionPassVisitor.java:10)
	at cool.compiler.ASTFormalInit.accept(ASTNode.java:232)
	at cool.compiler.ResolutionPassVisitor.visit(ResolutionPassVisitor.java:435)
	at cool.compiler.ResolutionPassVisitor.visit(ResolutionPassVisitor.java:10)
	at cool.compiler.ASTLet.accept(ASTNode.java:299)
	at cool.compiler.ResolutionPassVisitor.visit(ResolutionPassVisitor.java:145)
	at cool.compiler.ResolutionPassVisitor.visit(ResolutionPassVisitor.java:10)
	at cool.compiler.ASTAssign.accept(ASTNode.java:90)
	at cool.compiler.ResolutionPassVisitor.visit(ResolutionPassVisitor.java:324)
	at cool.compiler.ResolutionPassVisitor.visit(ResolutionPassVisitor.java:10)
	at cool.compiler.ASTMethod.accept(ASTNode.java:434)
	at cool.compiler.ResolutionPassVisitor.visit(ResolutionPassVisitor.java:297)
	at cool.compiler.ResolutionPassVisitor.visit(ResolutionPassVisitor.java:10)
	at cool.compiler.ASTClass.accept(ASTNode.java:455)
	at cool.compiler.ResolutionPassVisitor.visit(ResolutionPassVisitor.java:567)
	at cool.compiler.ResolutionPassVisitor.visit(ResolutionPassVisitor.java:10)
	at cool.compiler.ASTProg.accept(ASTNode.java:472)
	at cool.compiler.Compiler.main(Compiler.java:620)
	at cool.tester.Tester2.main(Tester2.java:34)
