"18-type-dispatch.cl", line 11:15, Syntax error: mismatched input 'SELF_TYPE' expecting TYPE_ID
Compilation halted
