ANTLR Tool version 4.8 used for code generation does not match the current runtime version 4.9.2
ANTLR Tool version 4.8 used for code generation does not match the current runtime version 4.9.2
